0.28602 0.05149
-0.07886 -0.13144
-0.00438 0.40115
-0.05550 -0.03222
0.04860 0.03492
0.05930 -0.26422
-0.00163 0.14953
-0.14528 -0.08434
-0.00317 -0.26296
-0.13024 -0.07561
-0.00603 0.55265
0.22374 -0.03354
0.00000 0.00000
-0.00000 -0.48520
0.31144 -0.11160
0.02513 0.00230
-0.49523 -0.02359
0.00000 0.00000
-0.00600 0.54958
-0.10568 -0.20225
0.00000 0.00000
0.00000 0.00000
-0.76731 0.01112
0.27149 -0.09728
-0.00450 0.41252
0.15919 -0.05704
-0.00229 0.20952
-0.00064 0.05871
0.00000 0.00000
-0.22776 -0.02083
0.04168 0.42311
0.03157 0.17382
-0.15635 -0.01430
-0.00901 0.82550
-0.49812 -0.08144
0.30414 0.13938
0.04285 -0.19093
0.06716 -0.29922
-0.04102 -0.43855
-0.00097 0.08861
0.08611 0.06111
0.00000 0.00000
0.08495 -0.37848
0.16295 -0.05839
0.31127 -0.11154
0.00639 -0.37058
0.00856 -0.03814
0.00000 0.00000
-0.34465 0.16231
0.00000 0.00000
0.00000 0.00000
-0.00074 -0.00043
0.02922 -0.13020
-0.41197 0.19401
0.07812 -0.34807
0.00000 0.00000
0.06326 0.64222
-0.33965 -0.03107
-0.03297 -0.10985
0.01194 -0.05321
0.00671 -0.14106
-0.00824 0.75464
-0.00079 0.07219
0.02872 0.02038
-0.14631 0.06890
-0.34493 0.02974
0.00000 -0.00000
0.01263 0.26518
-0.16844 -0.51602
0.66499 0.01108
0.12205 -0.54378
-0.01412 -0.62129
0.06454 -0.28755
-0.00275 0.25142
0.00000 0.00000
0.00000 0.00000
-0.08847 -0.29480
0.00478 -0.02131
-0.42561 0.20043
0.00000 0.00000
-0.34189 -0.19848
-0.09457 -0.00865
-0.00141 0.12918
0.16450 -0.05895
0.06035 0.00000
-0.10696 0.05037
0.00000 -0.00000
0.10802 -0.48127
-0.30882 -0.02825
0.11595 -0.51659
-0.03489 -0.02025
0.03866 -0.17223
-0.47526 -0.07770
0.73109 0.05625
0.31736 0.22522
0.10104 -0.01515
0.01040 -0.04633
0.09397 -0.41866
-0.02532 -0.03691
0.25252 -0.03786
-0.00572 0.52368
0.33982 0.09712
-0.00000 -0.70124
0.12081 0.00000
0.01658 -0.07388
0.06912 0.70171
0.25046 -0.07157
0.06286 0.63819
-0.00193 0.17699
-0.25749 -0.02355
-0.03091 -0.04580
0.00000 0.00000
0.00000 0.00000
0.24150 0.17138
0.12532 0.08894
0.35299 -0.08646
0.51748 0.09316
-0.00648 0.59368
-0.00583 0.53385
0.17729 -0.78989
-0.00312 0.28580
-0.71836 0.01891
-0.08435 -0.28107
0.19777 0.02918
-0.23490 -0.02149
-0.43240 -0.07069
0.00000 0.00000
0.34325 -0.12299
-0.11750 -0.06821
0.00735 -0.03276
-0.00374 0.34285
-0.20055 -0.11643
0.36613 -0.13119
0.04124 0.41865
0.18455 -0.06613
0.36994 -0.12333
0.00000 0.00000
0.00000 0.00000
0.07737 -0.34473
-0.00115 0.10521
-0.21560 -0.69643
0.05102 0.51793
0.64752 0.02233
0.00000 0.00000
-0.00165 0.15109
-0.11348 -0.06588
-0.03453 -0.36917
0.00000 0.00000
-0.00399 0.36523
-0.00133 0.12176
0.33623 0.08408
0.00000 -0.00000
-0.00422 -0.00245
-0.03923 -0.00359
0.51620 0.00860
-0.00246 0.22543
-0.14601 -0.01336
-0.04869 -0.02827
-0.00380 0.34776
-0.13786 0.06492
0.00000 0.00000
-0.00445 0.40786
0.00000 0.00000
0.11589 -0.51636
-0.39308 -0.03595
0.09206 -0.69120
0.01386 -0.06174
0.00000 0.00000
0.18534 0.06488
-0.00610 0.55902
0.01854 0.18825
-0.00415 0.38022
-0.00070 0.06386
-0.12141 -0.40454
0.07060 -0.31454
0.03886 -0.01392
0.05838 -0.26013
-0.03284 0.01546
-0.07486 0.03525
-0.30990 0.14594
0.03073 -0.51616
0.00000 0.00000
0.00266 -0.04464
0.47073 -0.16867
-0.00185 0.16926
0.14511 -0.75444
-0.03293 -0.64207
0.05199 -0.23162
0.08560 -0.39592
-0.72021 -0.00000
0.06166 -0.46298
-0.00735 0.67277
0.00000 0.00000
0.10154 0.07206
0.00862 -0.03842
0.06270 -0.27936
-0.00287 0.26266
0.00000 0.00000
0.34804 -0.12471
0.05973 -0.26611
0.26690 0.12231
-0.18225 -0.02980
0.08761 -0.39036
0.00000 0.00000
0.61847 0.17675
0.02226 -0.09916
0.00253 -0.05332
-0.00369 0.33838
-0.00433 0.39625
0.60920 -0.05803
0.02122 0.01506
-0.08868 0.04176
0.58547 -0.08028
-0.00164 0.11122
-0.23206 -0.13472
0.39046 0.12150
-0.00290 0.26528
0.06391 -0.28475
-0.00499 0.45732
0.50243 -0.18003
0.13126 0.09315
-0.00246 0.22569
-0.01535 -0.08448
0.05516 -0.24578
0.01076 -0.18069
0.00000 0.00000
-0.17666 -0.04628
0.00000 0.00000
-0.00231 0.21140
0.00540 -0.02404
-0.03134 -0.31328
-0.48990 -0.04481
0.02806 0.28483
0.07323 -0.32626
0.00000 0.00000
-0.02963 -0.29622
0.00000 0.00000
-0.00779 0.00367
-0.21830 -0.70516
-0.31893 -0.04725
-0.18801 0.08854
0.11668 -0.04181
-0.00283 0.25941
-0.29918 -0.02736
-0.19248 -0.03147
-0.05392 -0.29689
-0.25085 -0.04101
-0.13497 0.06356
-0.00316 0.28981
-0.00477 0.43646
0.73544 0.18390
0.03544 0.35974
-0.00000 0.00000
-0.05764 0.02714
-0.00052 0.04763
-0.17423 0.05279
0.00000 0.00000
0.00000 0.00000
0.03316 -0.01188
0.25836 0.11744
-0.00011 0.00968
0.08359 -0.02995
0.14966 -0.05363
0.33797 -0.12110
-0.38446 0.03315
-0.00384 0.35203
-0.21339 0.10049
0.51652 -0.18508
-0.07547 -0.25147
-0.00464 0.42511
-0.00419 0.38381
0.00000 0.00000
0.07107 0.72154
0.10697 0.07591
0.27836 -0.09974
0.06417 0.65148
0.11809 -0.04231
0.24263 0.08494
0.00000 -0.00000
0.01952 0.00093
0.36225 -0.12980
0.08373 -0.37303
-0.24511 -0.04007
-0.00015 0.01335
-0.04691 0.02209
0.00000 -0.00000
0.47405 0.16595
0.35088 -0.12573
-0.00517 0.47371
-0.00029 0.02624
0.75638 0.13617
0.01308 0.13274
-0.05261 -0.33851
0.03505 -0.15617
-0.20187 0.09507
0.00000 0.00000
0.05773 -0.43342
0.00813 -0.03623
0.02830 -0.12610
0.01158 0.68857
0.00000 0.00000
-0.10885 -0.70037
0.04597 -0.20483
-0.07448 0.03507
0.00000 0.00000
0.00384 0.00272
-0.47098 -0.07700
0.36031 -0.10296
0.00000 0.00000
-0.00120 0.11035
-0.02549 -0.06629
0.07459 -0.82034
0.03817 -0.17006
0.00499 -0.02224
-0.60452 -0.04651
0.14424 -0.05168
0.00000 0.00000
0.08223 -0.65780
-0.01536 -0.32252
-0.00490 0.44891
-0.00886 0.00417
-0.00323 0.29562
0.02107 -0.09387
0.08994 0.04122
0.01001 -0.04458
0.00000 0.00000
0.32541 -0.11660
0.00000 0.00000
-0.01230 -0.02462
-0.35180 -0.03218
-0.40899 0.05608
0.04073 -0.18146
-0.00767 0.70235
0.00000 0.00000
0.09235 -0.69340
0.01106 -0.04927
0.05805 -0.43584
0.29482 -0.07221
0.57986 0.08592
-0.00066 0.06004
-0.01615 -0.43879
0.00000 0.00000
0.04604 -0.20514
0.00031 0.00320
-0.00725 0.66417
-0.12184 0.01051
0.04775 0.51049
0.00000 -0.00000
0.01260 -0.00452
0.48559 0.12720
0.00113 0.01144
0.00000 0.00000
0.07658 -0.34121
-0.00257 -0.05388
0.00225 0.02287
0.05948 0.60385
-0.03148 -0.01828
-0.01108 -0.30091
-0.00233 0.21341
-0.31283 0.11869
-0.00151 0.10235
0.03167 -0.01135
0.09453 -0.42118
0.02095 0.21267
0.03245 -0.14457
0.71135 0.03388
0.05410 -0.24103
-0.00358 0.32799
-0.25803 0.12151
0.06024 -0.02159
0.73748 0.13277
-0.07719 0.03635
0.00000 0.00000
-0.05319 -0.34222
0.69041 0.12429
-0.22885 -0.03741
0.00218 -0.20003
-0.46537 0.21916
-0.10376 -0.00949
0.04700 -0.51688
0.06033 -0.26878
0.05118 -0.22804
0.07845 0.79640
0.00000 0.00000
-0.11400 -0.37986
-0.00729 0.66801
0.07307 -0.32555
-0.44323 -0.07246
0.02062 -0.37106
0.10267 0.04705
0.06917 0.04909
-0.12351 0.05817
-0.08440 -0.04900
-0.05462 -0.35144
-0.11682 -0.38926
-0.08433 0.03972
0.00000 0.00000
0.07990 -0.02863
0.00000 -0.00000
-0.00393 0.35956
0.00517 0.00367
-0.00711 0.65102
0.00000 0.00000
0.02822 -0.01101
0.00000 -0.00000
-0.00268 0.24520
0.35540 0.14004
0.10565 -0.52814
-0.08404 0.03958
-0.00430 0.39381
0.30332 -0.04547
-0.00731 0.66936
0.00000 0.00000
-0.53781 -0.08792
-0.13760 0.06480
0.37893 -0.09281
0.03599 0.59367
0.11926 -0.04273
0.06375 -0.02284
0.13884 0.02222
0.11520 -0.51328
0.03273 -0.01173
-0.00431 0.39509
0.01049 -0.17627
0.03749 -0.16703
-0.11608 -0.35561
0.00000 0.00000
0.00000 0.00000
-0.04309 -0.02501
0.41147 0.17026
-0.15945 -0.09256
-0.00415 -0.11269
0.00000 -0.00000
-0.00121 0.11121
0.04138 -0.18436
0.34191 0.24264
-0.02023 -0.54953
0.03459 -0.01239
0.53085 -0.07958
-0.12559 0.05914
-0.10155 0.04782
-0.00175 0.16014
0.00000 0.00000
-0.39299 0.09626
-0.01123 -0.00103
0.00000 -0.00000
0.04080 0.41425
-0.42563 0.08731
-0.75581 -0.01260
-0.00505 0.46208
-0.11587 -0.02898
0.30039 0.12430
-0.00115 0.10514
-0.00429 -0.18861
-0.00280 0.25615
0.00000 0.00000
0.06520 -0.29050
0.29918 0.08149
0.03691 0.37470
0.03340 0.02290
0.01431 -0.06375
-0.00557 0.51022
0.14820 0.10517
-0.00000 -0.54573
-0.15649 -0.00540
-0.36773 0.17318
0.00117 0.09670
-0.01536 -0.09886
-0.00615 0.56318
0.05432 0.03855
0.65688 -0.05664
0.00000 0.00000
0.08157 -0.36344
0.00962 0.09761
-0.00338 0.30960
0.10304 -0.03692
0.39288 -0.14078
0.00203 -0.00906
0.04211 0.02989
0.00000 0.00000
-0.00193 0.17650
-0.12899 0.06074
-0.00490 0.44886
-0.00457 0.41850
-0.26338 -0.15290
-0.00289 0.26434
-0.33679 -0.19551
-0.01778 -0.78218
0.07039 -0.31360
-0.00000 -0.09335
0.09814 -0.73687
-0.00132 0.12099
0.12475 0.08853
0.00622 -0.02771
0.03684 0.02615
-0.38359 0.18064
0.13122 -0.58462
-0.04308 -0.23718
0.00580 -0.02585
-0.00105 0.09640
-0.00289 0.26454
-0.00514 0.47031
-0.21573 -0.05876
-0.46342 -0.00000
-0.15471 0.07286
0.00000 0.00000
-0.00577 0.52866
0.02661 -0.13302
0.47658 0.11917
0.07624 -0.33968
-0.60387 -0.09872
0.06675 0.02762
-0.03854 -0.02237
-0.00187 0.17136
-0.00410 0.37574
0.00000 0.00000
0.00000 0.00000
0.53665 -0.19229
0.00000 0.00000
0.08897 -0.39641
-0.00060 0.05529
-0.09992 -0.55012
-0.13580 -0.74769
-0.00111 0.10181
-0.00393 0.36023
0.14565 -0.05219
-0.33716 0.15878
0.52362 0.13716
-0.00338 0.30961
-0.13635 -0.07916
-0.05663 -0.56619
0.24079 -0.08628
0.00340 -0.01513
-0.01112 -0.00102
-0.16231 -0.01194
0.02175 -0.00779
-0.15546 0.07321
0.06821 -0.02444
-0.00036 0.03326
0.06287 -0.28012
-0.12722 0.05991
-0.00684 -0.56787
0.00410 -0.23766
-0.00186 0.17077
-0.60314 -0.02873
-0.07296 -0.78000
0.00579 0.48040
0.01287 -0.05735
0.12135 -0.04348
-0.03365 -0.01953
0.00000 0.00000
-0.15242 -0.08848
0.28438 0.07111
0.00000 0.00000
-0.07805 -0.42973
-0.45547 -0.07289
0.14173 0.10059
0.14249 -0.63486
-0.00154 0.14063
0.00000 0.00000
0.13243 -0.59004
-0.17291 0.08143
0.00000 0.00000
-0.51708 0.24351
-0.45655 0.09365
0.24238 -0.08685
0.61122 -0.05270
0.00000 0.00000
0.15086 -0.67216
0.22058 0.03268
0.00000 0.00000
0.00000 0.00000
0.44170 -0.09698
0.00000 0.00000
-0.06240 -0.03622
0.01699 -0.07571
0.00000 0.00000
-0.00354 -0.09602
-0.02177 -0.59125
0.00000 -0.00000
0.38634 0.15987
0.00194 -0.00864
-0.00068 0.06261
-0.03409 -0.01979
-0.32999 0.15540
-0.00144 0.13171
0.03652 0.02592
0.57064 -0.04921
-0.69127 -0.06323
0.64692 0.17621
0.00673 -0.11297
0.51330 -0.07695
0.00000 0.00000
0.00000 0.00000
0.25541 -0.09152
-0.36311 -0.05936
-0.00823 0.75402
0.08993 -0.40068
-0.07323 -0.04251
0.31571 0.22405
-0.00207 0.18976
0.00000 0.00000
-0.08312 -0.00760
-0.03162 -0.00517
0.12081 0.08284
0.39762 -0.03458
0.00000 0.00000
0.00000 -0.00000
-0.37511 0.13897
-0.00053 0.04819
0.01331 -0.05932
0.57991 0.08557
-0.00081 0.07386
-0.48521 0.11418
0.00662 -0.02948
0.06278 0.63736
0.01939 -0.32573
0.12452 -0.55478
-0.02730 -0.74156
-0.55065 -0.02295
0.19219 0.11157
0.00076 0.00775
0.00000 -0.00000
-0.44281 0.06072
0.00000 0.00000
0.00000 0.00000
-0.00074 0.06761
-0.10167 0.03857
-0.03395 -0.33941
-0.40579 0.03499
-0.38211 -0.03495
-0.00876 -0.14446
0.12385 0.08789
0.00163 -0.00059
-0.37070 0.09080
0.36769 -0.08653
0.25189 0.01938
-0.00861 0.78886
0.16110 -0.05773
0.00565 0.00401
-0.18638 0.02794
0.13210 -0.66035
-0.01835 -0.02675
0.47994 0.08640
-0.55408 -0.09058
-0.04784 -0.12688
0.19134 -0.06856
0.04600 -0.34537
-0.64166 -0.03056
-0.00674 -0.04334
0.02103 0.01492
-0.04325 -0.01982
-0.70511 0.01022
-0.06621 -0.36451
0.10586 0.07513
0.00000 0.00000
0.00331 0.27456
-0.00762 0.69809
0.00226 0.02297
-0.26888 -0.03984
0.00000 0.00000
-0.00397 0.36356
-0.06460 -0.01056
0.01321 -0.00473
-0.27750 -0.04537
-0.62524 -0.00000
0.08560 -0.38140
0.15754 -0.70189
-0.00188 0.17242
-0.24510 0.11543
0.07127 -0.31752
-0.43623 -0.07132
0.02127 -0.09478
-0.03638 0.01713
-0.07555 -0.04386
-0.10522 -0.27366
-0.12210 0.05750
-0.00232 0.21276
0.06941 0.16655
0.13271 -0.04755
0.00000 0.00000
-0.12408 -0.01135
-0.05746 0.02706
0.00053 -0.00019
-0.02500 -0.48749
0.22817 0.10456
0.28098 0.15326
-0.18532 0.08727
-0.55446 -0.09065
-0.31168 -0.02851
-0.00095 0.08688
-0.07826 -0.04543
0.28251 -0.04235
0.01422 -0.06336
-0.16097 -0.02632
0.12055 0.08555
0.26046 -0.09333
0.28899 -0.07078
-0.29681 0.00781
0.01473 0.01045
0.02540 -0.11318
0.01661 0.16862
-0.05777 -0.31807
